gpasm-1.4.0 #1107 (Mar 24 2015)       led.asm   3-4-2017  13:27:06          PAGE  1


LOC    OBJECT CODE    LINE  SOURCE TEXT
  VALUE

                      00001 ;------------------------------------------------------
                      00002 ;PROGRAMA PORTB.ASM
                      00003 ;Apagar y encender el puerto B cada segundo
                      00004 ;-------------------------------------------------------
                      00005         list p=16f84a                                   ;identificar el micro usado.
                      00006         RADIX HEX
                      00007     include "p16f84a.inc"
                      00001         LIST
                      00002 
                      00003 ;==========================================================================
                      00004 ; Build date : Aug 07 2014
                      00005 ;  MPASM PIC16F84A processor include
                      00006 ; 
                      00007 ;  (c) Copyright 1999-2014 Microchip Technology, All rights reserved
                      00008 ;==========================================================================
                      00009 
                      00209         LIST
                      00008     
                      00009 ;    #include <p16f84a.inc>                     ;archivo con los registros definidos.
                      00010                         
0000                  00011         org             0x00                                    ;posición de memoria de comienzo del  re
                            -
                      00012                                                                         ;set ( 0000h ).
0000   0183           00013         clrf    STATUS
0001                  00014 reset                                                           ;etiqueta = posición de memoria.        
0001   2805           00015         goto    inicio                                  ; salto a posición de memoria donde comien-
                      00016                                                                         ;za el programa.
                      00017  
0005                  00018         org     0x05                                            ;posición de memoria donde comienza el
                      00019                                                                         ;programa ( 0010h ).
0005                  00020 inicio                                                          ;etiqueta = dirección  0010h.
                      00021 
                      00022 ;-------------------------------------------------------
                      00023 ; configurar puerto B como salidas
                      00024 ;-------------------------------------------------------
0005   1683           00025         bsf         STATUS,5                            ;pongo a uno el bit 5 del registro 
                      00026                                                                         ;STATUS para entrar en el banco1
                            .
0006   3000           00027         movlw   0x00                                    ;cargo w con el dato 00h.                       
Message[302]: Register in operand not in bank 0. Ensure that bank bits are correct. Bank_bits = 0x80, register{0x6}.
0007   0086           00028         movwf   TRISB                                   ;cargo el registro TRISB con el w para
                      00029                                                                         ;hacer el puerto B como salida.
0008   1283           00030         bcf     STATUS,5                                ;pongo a cero el bit 5 del registro
                      00031                                                                         ;STATUS para entrar en el banco 
                            0.
                      00032 ;+++++++++++++++++++++++++++++++++++++++++++++++++++++++
                      00033 ;PROGRAMA PRINCIPAL
                      00034 ;+++++++++++++++++++++++++++++++++++++++++++++++++++++++
0009                  00035 programa                                        ;etiqueta de programa principal.        
0009   3055           00036         movlw   b'01010101'                     ;carga w con el dato 00h        
000A   0086           00037         movwf   PORTB                   ;manda w por el puerto B, y se apagan leds
000B   2010           00038         call            unseg                   ;subrutina de retardo de 1 seg. 
000C   30AA           00039         movlw   b'10101010'                     ;cargo w con el dato ffh.
gpasm-1.4.0 #1107 (Mar 24 2015)       led.asm   3-4-2017  13:27:06          PAGE  2


LOC    OBJECT CODE    LINE  SOURCE TEXT
  VALUE

000D   0086           00040         movwf   PORTB                   ;cargo el registro PORTB con w, encienden leds
000E   2010           00041         call            unseg                   ;subrutina del retardo de 1 seg.        
000F   2809           00042         goto    programa                ;salta al comienzo del programa.   
                      00043 ;/////////////////////////////////////////////////////////
                      00044 ;RETARDOS
                      00045 ;------------------------------------------------
                      00046 ;RETARDOS
                      00047 ;------------------------------------------------
                      00048 ;ffh=255  goto=2 useg.    decfsz=1 useg.
                      00049 ; [1us(decfsz) +2us(goto)]*255 veces= 765 useg
                      00050 ;(765 x 765) + 255= 585480 useg.
                      00051 ;(585480 x 2) + 1= 1170961 useg.
                      00052 ;primero entra a un loop de 255 veces, despues entra a otro de 255, sale y 
                      00053 ; entra a un loop de una sola vez,
                      00054 ;completando el segundo.
                      00055 ;////////////////////////////////////////////////////////
                      00056 ; a continuación se preparan las direcciones donde se hará el conteo.
                      00057 
0010                  00058 unseg                                                   ;etiqueta = subrutina del retardo de 1 seg.     
0010   30FF           00059         movlw     0xff                          ;cargo w con el dato ffh.
0011   008C           00060         movwf    0x0c                           ;cargo la direccion con 0ch con el w.
0012   008D           00061       movwf    0x0d                             ;cargo la direccion con 0dh con el w.
0013   3001           00062         movlw     0x01                          ; cargo w con el dato 01h. 
0014   008E           00063         movwf    0x0e                           ; cargo el registro 0eh con w.
                      00064  
0015                  00065 salto1                                                  ; etiqueta del bucle de repetición.             
                                                                            
0015   0B8C           00066                 decfsz   0x0c,1                 ; decremento el registro 0ch y salto si es
                      00067                                                                 ; cero depositando el resultado en 0ch. 
                                           
0016   2815           00068                 goto     salto1                 ; alto a la etiqueta salto1.
0017   0B8D           00069                 decfsz   0x0d,1                 ; decremento el registro 0dh y salto si es
                      00070                                                                 ; cero depositando el resultado en 0dh. 
                                   
0018   2815           00071                 goto     salto1                 ; salto a salto1.
0019   0B8E           00072                 decfsz   0x0e,1                 ; decremento el registro 0eh y salto si es
                      00073                                                                 ; cero depositando el resultado en 0eh.
001A   2815           00074                 goto     salto1                 ; salto a salto1.
001B   0008           00075                 return                                  ; regreso de subrutina.                         
                      00076  
                      00077                 
                      00078                 end                             ;fin del programa PORTB.        
gpasm-1.4.0 #1107 (Mar 24 2015)       led.asm   3-4-2017  13:27:06          PAGE  3


SYMBOL TABLE
  LABEL                             VALUE

C                                 00000000
DC                                00000001
EEADR                             00000009
EECON1                            00000088
EECON2                            00000089
EEDATA                            00000008
EEIE                              00000006
EEIF                              00000004
F                                 00000001
FSR                               00000004
GIE                               00000007
INDF                              00000000
INTCON                            0000000B
INTE                              00000004
INTEDG                            00000006
INTF                              00000001
IRP                               00000007
NOT_PD                            00000003
NOT_RBPU                          00000007
NOT_TO                            00000004
OPTION_REG                        00000081
PCL                               00000002
PCLATH                            0000000A
PORTA                             00000005
PORTB                             00000006
PS0                               00000000
PS1                               00000001
PS2                               00000002
PSA                               00000003
RA0                               00000000
RA1                               00000001
RA2                               00000002
RA3                               00000003
RA4                               00000004
RB0                               00000000
RB1                               00000001
RB2                               00000002
RB3                               00000003
RB4                               00000004
RB5                               00000005
RB6                               00000006
RB7                               00000007
RBIE                              00000003
RBIF                              00000000
RD                                00000000
RP0                               00000005
RP1                               00000006
STATUS                            00000003
T0CS                              00000005
T0IE                              00000005
T0IF                              00000002
T0SE                              00000004
TMR0                              00000001
gpasm-1.4.0 #1107 (Mar 24 2015)       led.asm   3-4-2017  13:27:06          PAGE  4


SYMBOL TABLE
  LABEL                             VALUE 

TMR0IE                            00000005
TMR0IF                            00000002
TRISA                             00000085
TRISA0                            00000000
TRISA1                            00000001
TRISA2                            00000002
TRISA3                            00000003
TRISA4                            00000004
TRISB                             00000086
TRISB0                            00000000
TRISB1                            00000001
TRISB2                            00000002
TRISB3                            00000003
TRISB4                            00000004
TRISB5                            00000005
TRISB6                            00000006
TRISB7                            00000007
W                                 00000000
WR                                00000001
WREN                              00000002
WRERR                             00000003
Z                                 00000002
_CONFIG                           00002007
_CP_OFF                           00003FFF
_CP_ON                            0000000F
_DEVID1                           00002006
_FOSC_EXTRC                       00003FFF
_FOSC_HS                          00003FFE
_FOSC_LP                          00003FFC
_FOSC_XT                          00003FFD
_HS_OSC                           00003FFE
_IDLOC0                           00002000
_IDLOC1                           00002001
_IDLOC2                           00002002
_IDLOC3                           00002003
_LP_OSC                           00003FFC
_PWRTE_OFF                        00003FFF
_PWRTE_ON                         00003FF7
_RC_OSC                           00003FFF
_WDTE_OFF                         00003FFB
_WDTE_ON                          00003FFF
_WDT_OFF                          00003FFB
_WDT_ON                           00003FFF
_XT_OSC                           00003FFD
__16F84A                          00000001
__CODE_END                        000003FF
__CODE_START                      00000000
__COMMON_RAM_END                  0000004F
__COMMON_RAM_START                0000000C
__EEPROM_END                      0000213F
__EEPROM_START                    00002100
__VECTOR_INT                      00000004
__VECTOR_RESET                    00000000
gpasm-1.4.0 #1107 (Mar 24 2015)       led.asm   3-4-2017  13:27:06          PAGE  5


SYMBOL TABLE
  LABEL                             VALUE 

inicio                            00000005
programa                          00000009
reset                             00000001
salto1                            00000015
unseg                             00000010


MEMORY USAGE MAP ('X' = Used,  '-' = Unused)

0000 : XX---XXXXXXXXXXX XXXXXXXXXXXX---- ---------------- ----------------

All other memory blocks unused.

Program Memory Words Used:    25
Program Memory Words Free:   999


Errors   :     0
Warnings :     0 reported,     0 suppressed
Messages :     1 reported,     0 suppressed

